// Vitest Snapshot v1

exports[`renders without crashing 1`] = `
<div>
  <div
    class="_phaseTrackerContainer_babf0d"
  >
    <div
      class="_titleContainer_babf0d"
    >
      <div
        class="_titleInterior_babf0d"
      />
    </div>
    <div
      class="_notScaled_217ff1"
    >
      <div
        class="_phaseWidget_217ff1"
        style="transform: scale(0.8131764705882353);"
      >
        <div
          class="_icon_217ff1"
          style="left: 7px;"
        />
      </div>
    </div>
    <div
      class="_phaseTrackerBottomContainer_babf0d"
    >
      <div
        class="_bottomInterior_babf0d"
      />
    </div>
  </div>
</div>
`;
