// Vitest Snapshot v1, https://vitest.dev/guide/snapshot.html

exports[`displays loading! when loading 1`] = `
<div>
  <article
    class="_gameList_bdedf5"
  >
    <div
      class="_titleDiv_bdedf5"
    >
      <h1
        class="_title_bdedf5"
      >
        Games
      </h1>
      <button
        aria-busy="true"
        class="_reloadButton_bdedf5"
        disabled=""
      >
        Reload
      </button>
    </div>
    <div
      aria-busy="true"
    >
      Loading games please wait
    </div>
  </article>
</div>
`;
