// Vitest Snapshot v1, https://vitest.dev/guide/snapshot.html

exports[`displays loading! when loading 1`] = `
<div>
  <article
    class="_gameList_4a28c4"
  >
    <div
      class="_titleDiv_4a28c4"
    >
      <h1
        class="_title_4a28c4"
      >
        Games
      </h1>
      <button
        aria-busy="true"
        class="_reloadButton_4a28c4"
        disabled=""
      >
        Reload
      </button>
    </div>
    <div
      aria-busy="true"
    >
      Loading!
    </div>
  </article>
</div>
`;

exports[`displays the list of games! when loaded 1`] = `
<div
  data-testid="games-in-progress"
>
  <h5
    class="_subSectionTitle_4a28c4"
  >
    Games in progress: 
    <span>
      (
      3
      )
    </span>
  </h5>
  <div
    class="_gameItem_0a3e89"
  >
    <div>
      <img
        src="/crops/ELE062_cropped.png"
      />
    </div>
     
    -
     
    <div>
      <img
        src="/crops/UPR044_cropped.png"
      />
    </div>
    <div>
      <button
        class="_button_0a3e89 secondary"
      >
        Spectate
      </button>
    </div>
  </div>
  <div
    class="_gameItem_0a3e89"
  >
    <div>
      <img
        src="/crops/WTR001_cropped.png"
      />
    </div>
     
    -
     
    <div>
      <img
        src="/crops/UPR001_cropped.png"
      />
    </div>
    <div>
      <button
        class="_button_0a3e89 secondary"
      >
        Spectate
      </button>
    </div>
  </div>
  <div
    class="_gameItem_0a3e89"
  >
    <div>
      <img
        src="/crops/UPR102_cropped.png"
      />
    </div>
     
    -
     
    <div>
      <img
        src="/crops/UPR044_cropped.png"
      />
    </div>
    <div>
      <button
        class="_button_0a3e89 secondary"
      >
        Spectate
      </button>
    </div>
  </div>
</div>
`;
